// Jest Snapshot v1, https://goo.gl/fbAQLP

exports[`renders correctly 1`] = `
<DeltaChip
  current={1}
  previous={2}
/>
`;
