// Jest Snapshot v1, https://goo.gl/fbAQLP

exports[`renders correctly 1`] = `
<Layout>
  <div>
    node
  </div>
</Layout>
`;
