// Jest Snapshot v1, https://goo.gl/fbAQLP

exports[`renders correctly 1`] = `
<Badge>
  <div>
    node
  </div>
</Badge>
`;
